[F3DToMuJoCo] Initializing exporter (document units: mm, scale factor: 0.010000)
[F3DToMuJoCo] Collecting joints from assembly...
[F3DToMuJoCo]   Joint 'Revolute 1' (Revolute): body:1+l_wheel:1 <-> body:1
[F3DToMuJoCo]   Joint 'Revolute 2' (Revolute): body:1+r_wheel:1 <-> body:1
[F3DToMuJoCo] Found 2 joint(s) in assembly
[F3DToMuJoCo] Model: Simple2Wheel (5 components, 4 bodies, 2 joints)
[F3DToMuJoCo]   Occurrence 'body:1': pos=(0.0, 0.0, 0.0), 1 bodies
[F3DToMuJoCo]   Occurrence 'l_wheel:1': pos=(0.0, 0.0, 0.0), 1 bodies
[F3DToMuJoCo]   Occurrence 'r_wheel:1': pos=(0.0, 0.0, 0.0), 1 bodies
[F3DToMuJoCo]   Occurrence 'camera:1': pos=(0.0, 0.0, 0.0), 1 bodies
[F3DToMuJoCo] Detected 1 camera component(s): camera
[F3DToMuJoCo] Beginning export to /Users/wkm/Code/play/f3d_to_muojoco/examples/simple2wheel
[F3DToMuJoCo] No physical material on body, using estimated inertial properties
[F3DToMuJoCo]   No joint found for 'body:1' (rigidly attached to Root)
[F3DToMuJoCo] No physical material on l_wheel, using estimated inertial properties
[F3DToMuJoCo]   Processing joint 'Revolute 1' (Revolute -> hinge):
[F3DToMuJoCo]     Connects: l_wheel:1 <-> body:1
[F3DToMuJoCo]     Attached to: l_wheel:1
[F3DToMuJoCo]     World origin: (0.1, 0.1, 0.0)
[F3DToMuJoCo]     Local origin: (0.1, 0.1, 0.0)
[F3DToMuJoCo]     Local axis: (-1.000, 0.000, 0.000)
[F3DToMuJoCo] No physical material on r_wheel, using estimated inertial properties
[F3DToMuJoCo]   Processing joint 'Revolute 2' (Revolute -> hinge):
[F3DToMuJoCo]     Connects: r_wheel:1 <-> body:1
[F3DToMuJoCo]     Attached to: r_wheel:1
[F3DToMuJoCo]     World origin: (-0.2, 0.1, 0.0)
[F3DToMuJoCo]     Local origin: (-0.2, 0.1, 0.0)
[F3DToMuJoCo]     Local axis: (1.000, 0.000, 0.000)
[F3DToMuJoCo] Attaching 1 camera(s) to body 'body_1'
[F3DToMuJoCo] No physical material on camera, using estimated inertial properties
[F3DToMuJoCo]   No joint found for 'camera:1' (rigidly attached to body:1)
[F3DToMuJoCo]   Camera 'camera_1_cam' position (front face): (-0.0500, 0.1487, -0.0615)
[F3DToMuJoCo]     BBox min: (-0.0601, 0.1387, -0.1115)
[F3DToMuJoCo]     BBox max: (-0.0399, 0.1588, -0.0615)
[F3DToMuJoCo]     Forward axis: +Z → offset (0, 0, 1)
[F3DToMuJoCo]   Added camera 'camera_1_cam' (pos=-0.050000 0.148736 -0.061472, fovy=45.0, forward=+Z, euler=0 3.141592653589793 0)
[F3DToMuJoCo] Generated 3 contact exclusion(s) to prevent self-collision
[F3DToMuJoCo] Generated 2 position actuator(s)
[F3DToMuJoCo] Generated 4 sensor(s) (2 position + 2 velocity)
[F3DToMuJoCo] Saved robot model to bot.xml
[F3DToMuJoCo] Saved scene to scene.xml
[F3DToMuJoCo] Saved manifest to /Users/wkm/Code/play/f3d_to_muojoco/examples/simple2wheel/manifest.yaml
[F3DToMuJoCo] Export completed successfully
